Found test case. C:\Users\mrdai\git\provardx\ProvarProject\plans\Smoke Test
Test Output INFO: Adding Test File.  File/Folder: C:\Users\mrdai\git\provardx\ProvarProject\plans\Smoke Test
Test Output INFO: Added Execution Item.  plans
Test Output INFO: Loading plan item.  File: C:\Users\mrdai\git\provardx\ProvarProject\plans\Smoke Test\.planitem
Test Output INFO: Loading plan item.  File: C:\Users\mrdai\git\provardx\ProvarProject\plans\Smoke Test\.planitem
Test Output INFO: Loading plan item.  File: C:\Users\mrdai\git\provardx\ProvarProject\plans\Smoke Test\Basic\.planitem
Test Output INFO: Loading test instance.  File: C:\Users\mrdai\git\provardx\ProvarProject\plans\Smoke Test\Basic\Smoke Test.testinstance
Test Output INFO: Loading test case.  File: C:\Users\mrdai\git\provardx\ProvarProject\tests\Regression\Smoke Test.testcase
Test Output INFO: Loading plan item.  File: C:\Users\mrdai\git\provardx\ProvarProject\plans\Smoke Test\Basic\.planitem
Test Output INFO: Added Execution Item.  Smoke Test
Plugin Output INFO: seleniumLibPath: C:\Program Files\Provar\plugins\com.provar.core.lib.selenium_3.4.0\selenium-api-3.4.0.jar
Plugin Output INFO: Java: C:\Program Files\Java\jdk1.8.0_202\jre\bin\java, javaHome: null
Plugin Output INFO: Appending classpath entry: C:\Program Files\Provar\plugins\com.provar.core.testexecution.container.local_2.304.3.0.jar
Plugin Output INFO: Appending classpath entry: C:\Program Files\Provar\plugins\org.eclipse.osgi_3.15.300.v20200520-1959.jar
Plugin Output INFO: Plugin classpath.  Plugin: sf, class path: C:\Program Files\Provar\plugins\com.provar.core.testexecution.container.local_2.304.3.0.jar;C:\Program Files\Provar\plugins\org.eclipse.osgi_3.15.300.v20200520-1959.jar
Plugin Output INFO: provar.version.  Plugin: sf, provarVersion: 2.305.1.0
Plugin Output INFO: java.library.path., path: C:\Program Files\Provar\resources\sqljdbc_4.2\win64
Plugin Output INFO: provar.location.core.  Plugin: sf, path: C:\Program Files\Provar\plugins
Plugin Output INFO: provar.location.plugins.  Plugin: sf, path: C:\Program Files\Provar\plugins
Plugin Output INFO: plugin.osgi.instance.  Plugin: sf, path: C:\Users\mrdai\git\provardx\.provarCaches\configuration\sf
Plugin Output INFO: Listening for transport dt_socket at address: 49295 (sf)
Listening for transport dt_socket at address: 49295 (sf)
Plugin Output INFO: provarVersion :: 2.305.1.0
Plugin Output INFO: provarCoreLoc :: C:\Program Files\Provar\plugins
Plugin Output INFO: provarPluginsLoc :: C:\Program Files\Provar\plugins
Plugin Output INFO: testPluginOsgiLoc :: C:\Users\mrdai\git\provardx\.provarCaches\configuration\sf
Plugin Output INFO: osgiDev :: null
Plugin Output INFO: Starting TEC bundle.  symbolic name: com.provar.core.testexecution.container, state: 2
Plugin Output INFO: Hello from BaseModelActivator
Plugin Output INFO: Starting appium bundle.  symbolic name: com.provar.browser.appium, state: 4
Plugin Output INFO: Hello from AppiumBrowserActivator
Plugin Output INFO: Plugin Container starting.  ProxyPort: 49294
Plugin Output INFO: Hello from ConnectionActivator
Plugin Output INFO: Started appium bundle.  symbolic name: com.provar.browser.appium, state: 32
Plugin Output INFO: Started TEC bundle.  symbolic name: com.provar.core.testexecution.container, state: 32
Plugin Output INFO: Loading bundle.  Type: requiredBundle, bundleLocation: C:/Program Files/Provar/plugins/org.eclipse.update.configurator_3.4.600.v20200422-1910.jar
Plugin Output INFO: Installed bundle.  bundleLocation: reference:file:C:/Program Files/Provar/plugins/org.eclipse.update.configurator_3.4.600.v20200422-1910.jar, symbolicName: org.eclipse.update.configurator, location: reference:file:C:/Program Files/Provar/plugins/org.eclipse.update.configurator_3.4.600.v20200422-1910.jar, version: 3.4.600.v20200422-1910
Plugin Output INFO: Loading bundle.  Type: requiredBundle, bundleLocation: C:/Program Files/Provar/plugins/org.eclipse.osgi.util_3.5.300.v20190708-1141.jar
Plugin Output INFO: Bundle is already installed.  bundleName: reference:file:C:/Program Files/Provar/plugins/org.eclipse.osgi.util_3.5.300.v20190708-1141.jar, symbolicName: org.eclipse.osgi.util, location: reference:file:C:\Program Files\Provar\plugins/org.eclipse.osgi.util_3.5.300.v20190708-1141.jar, version: 3.5.300.v20190708-1141
Plugin Output INFO: Bundle is already installed.  bundleName: reference:file:C:/Program Files/Provar/plugins/org.eclipse.xtext.xbase_2.22.0.v20200602-1114.jar, symbolicName: org.eclipse.xtext.xbase, location: reference:file:C:\Program Files\Provar\plugins/org.eclipse.xtext.xbase_2.22.0.v20200602-1114.jar, version: 2.22.0.v20200602-1114
Plugin Output INFO: Loading bundle.  Type: requiredBundle, bundleLocation: C:/Program Files/Provar/plugins/org.eclipse.xtext.xbase_2.22.0.v20200602-1114.jar
Plugin Output INFO: Loading bundle.  Type: requiredBundle, bundleLocation: C:/Program Files/Provar/plugins/com.provar.plugins.sf.xtext.soql_2.302.0.0.jar
Plugin Output INFO: Installed bundle.  bundleLocation: reference:file:C:/Program Files/Provar/plugins/com.provar.plugins.sf.xtext.soql_2.302.0.0.jar, symbolicName: com.provar.plugins.sf.xtext.soql, location: reference:file:C:/Program Files/Provar/plugins/com.provar.plugins.sf.xtext.soql_2.302.0.0.jar, version: 2.302.0.0
Plugin Output INFO: Loading bundle.  Type: mainBundle, bundleLocation: C:/Program Files/Provar/plugins/com.provar.plugins.sf.apis_2.305.24.0
Plugin Output INFO: Installed bundle.  bundleLocation: reference:file:C:/Program Files/Provar/plugins/com.provar.plugins.sf.apis_2.305.24.0, symbolicName: com.provar.plugins.sf.apis, location: reference:file:C:/Program Files/Provar/plugins/com.provar.plugins.sf.apis_2.305.24.0, version: 2.305.24.0
Plugin Output INFO: Bundle : org.eclipse.update.configurator; Registered service references for bundle: [Lorg.eclipse.osgi.internal.serviceregistry.ServiceReferenceImpl;@10714b4a
Plugin Output INFO: Bundle : org.eclipse.osgi.util; Registered service references for bundle: null
Plugin Output INFO: Bundle : org.eclipse.xtext.xbase; Registered service references for bundle: null
Plugin Output INFO: Bundle : com.provar.plugins.sf.xtext.soql; Registered service references for bundle: null
Plugin Output INFO: Hello from SfPluginActivator
Plugin Output INFO: Bundle : com.provar.plugins.sf.apis; Registered service references for bundle: [Lorg.eclipse.osgi.internal.serviceregistry.ServiceReferenceImpl;@6c5f69e1
Plugin Output INFO: Loading Test Run Monitors from package.  Package: reports.*
Plugin Output INFO: Loading Test APIs from package.  Package: customapis.*
Plugin Output INFO: Loading Test APIs from package.  Package: com.provar.plugins.forcedotcom.core.testapis
Plugin Output INFO: Loading Test APIs from package.  Package: com.provar.plugins.forcedotcom.core.ui
Plugin Output INFO: Loading Test APIs from package.  Package: com.provar.plugins.bundled.apis
Plugin Output INFO: Loading Test APIs from package.  Package: com.provar.plugins.bundled.apis.db
Plugin Output INFO: Loading Test APIs from package.  Package: com.provar.plugins.bundled.apis.control
Plugin Output INFO: Loading Test APIs from package.  Package: com.provar.plugins.bundled.apis.bdd
Plugin Output INFO: Loading Test APIs from package.  Package: com.provar.plugins.bundled.apis.provarlabs
Plugin Output INFO: Loading Test APIs from package.  Package: com.provar.plugins.bundled.apis.io
Plugin Output INFO: Loading Test APIs from package.  Package: com.provar.plugins.bundled.apis.list
Plugin Output INFO: Loading Test APIs from package.  Package: com.provar.plugins.bundled.apis.messaging
Plugin Output INFO: Loading Test APIs from package.  Package: com.provar.plugins.bundled.apis.string
Plugin Output INFO: Loading Test APIs from package.  Package: com.provar.plugins.bundled.apis.ui
Plugin Output INFO: Loading Test APIs from package.  Package: com.provar.plugins.bundled.apis.web
Plugin Output INFO: Loading Test APIs from package.  Package: com.provar.plugins.bundled.apis.restservice
Plugin Output INFO: Loading Test APIs from package.  Package: customapis
Plugin Output INFO: Loading Test APIs from package.  Package: pageobjects
Plugin Output INFO: Loading Test APIs from package.  Package: pageobjects.CPQ
Plugin Output INFO: Loading Test APIs from package.  Package: customapis.*
Plugin Output INFO: Loading Test Functions from package.  Package: com.provar.plugins.bundled.functions
Plugin Output INFO: Loading Page Strategies from package.  Package: labellocators.*
Plugin Output INFO: Loading Page Strategies from package.  Package: pagestrategies.*
Plugin Output INFO: Loading Page Controls from package.  Package: com.provar.plugins.forcedotcom.core.ui.pagecontrols.*
Plugin Output INFO: Found PageControl: com.provar.plugins.forcedotcom.core.ui.pagecontrols.aura.ui.AuraUiInputDataTime
Plugin Output INFO: Found PageControl: com.provar.plugins.forcedotcom.core.ui.pagecontrols.cke.CkEditor
Plugin Output INFO: Found PageControl: com.provar.plugins.forcedotcom.core.ui.pagecontrols.drawloop.DrawloopPreviewFiles
Plugin Output INFO: Found PageControl: com.provar.plugins.forcedotcom.core.ui.pagecontrols.fieldservice.SfFieldServiceDispatcherEvent
Plugin Output INFO: Found PageControl: com.provar.plugins.forcedotcom.core.ui.pagecontrols.html.HTMLEditor
Plugin Output INFO: Found PageControl: com.provar.plugins.forcedotcom.core.ui.pagecontrols.smax.SmaxDateTime
Plugin Output INFO: Found PageControl: com.provar.plugins.forcedotcom.core.ui.pagecontrols.smax.SmaxFsaAttachment
Plugin Output INFO: Found PageControl: com.provar.plugins.forcedotcom.core.ui.pagecontrols.smax.SmaxFsaCalendarAppointment
Plugin Output INFO: Found PageControl: com.provar.plugins.forcedotcom.core.ui.pagecontrols.smax.SmaxFsaLookup
Plugin Output INFO: Found PageControl: com.provar.plugins.forcedotcom.core.ui.pagecontrols.smax.SmaxFsaSendEmail
Plugin Output INFO: Found PageControl: com.provar.plugins.forcedotcom.core.ui.pagecontrols.smax.SmaxLookup
Plugin Output INFO: Found PageControl: com.provar.plugins.forcedotcom.core.ui.pagecontrols.smax.SmaxSplitButton
Plugin Output INFO: Found PageControl: com.provar.plugins.forcedotcom.core.ui.pagecontrols.vlocity.VlocityLookup
Plugin Output INFO: Loading Page Controls from package.  Package: pagecontrols.*
Plugin Output INFO: Loading Page Waits from package.  Package: pagewaits.*
Plugin Output INFO: Loading Page Waits from package.  Package: pagewaits.*
Plugin Output INFO: Loading Web Components from package.  Package: com.provar.plugins.forcedotcom.core.ui.pageobjects
Plugin Output INFO: Loading Web Components from package.  Package: pageobjects.*
Plugin Output INFO: Loading Page Objects from package.  Package: com.provar.plugins.forcedotcom.core.ui.pageobjects
Plugin Output INFO: Found PageObject: com.provar.plugins.forcedotcom.core.ui.pageobjects.AccountContactRole_Edit
Plugin Output INFO: Found PageObject: com.provar.plugins.forcedotcom.core.ui.pageobjects.AccountContactRole_NewRole
Plugin Output INFO: Found PageObject: com.provar.plugins.forcedotcom.core.ui.pageobjects.AccountPartner_New
Plugin Output INFO: Found PageObject: com.provar.plugins.forcedotcom.core.ui.pageobjects.AccountPartner_New.Partner
Plugin Output INFO: Found PageObject: com.provar.plugins.forcedotcom.core.ui.pageobjects.AccountTeamMember_Edit
Plugin Output INFO: Found PageObject: com.provar.plugins.forcedotcom.core.ui.pageobjects.AccountTeamMember_MultiAdd_New_Lightning
Plugin Output INFO: Found PageObject: com.provar.plugins.forcedotcom.core.ui.pageobjects.AccountTeamMember_MultiAdd_New_Lightning.Team
Plugin Output INFO: Found PageObject: com.provar.plugins.forcedotcom.core.ui.pageobjects.AccountTeamMember_New
Plugin Output INFO: Found PageObject: com.provar.plugins.forcedotcom.core.ui.pageobjects.AccountTeamMember_New.Team
Plugin Output INFO: Found PageObject: com.provar.plugins.forcedotcom.core.ui.pageobjects.AccountTeamMember_New_Lightning
Plugin Output INFO: Found PageObject: com.provar.plugins.forcedotcom.core.ui.pageobjects.AccountTeamMember_New_Lightning.Team
Plugin Output INFO: Found PageObject: com.provar.plugins.forcedotcom.core.ui.pageobjects.AddStandardPrice
Plugin Output INFO: Found PageObject: com.provar.plugins.forcedotcom.core.ui.pageobjects.AddToCampaign_Lightning
Plugin Output INFO: Found PageObject: com.provar.plugins.forcedotcom.core.ui.pageobjects.ApproveRejectApprovalRequest
Plugin Output INFO: Found PageObject: com.provar.plugins.forcedotcom.core.ui.pageobjects.AttachFile
Plugin Output INFO: Found PageObject: com.provar.plugins.forcedotcom.core.ui.pageobjects.AttachFile_Lightning
Plugin Output INFO: Found PageObject: com.provar.plugins.forcedotcom.core.ui.pageobjects.AttachFile_Lightning.File
Plugin Output INFO: Found PageObject: com.provar.plugins.forcedotcom.core.ui.pageobjects.AttachmentEdit
Plugin Output INFO: Found PageObject: com.provar.plugins.forcedotcom.core.ui.pageobjects.AttachmentView
Plugin Output INFO: Found PageObject: com.provar.plugins.forcedotcom.core.ui.pageobjects.CaseComment_Edit
Plugin Output INFO: Found PageObject: com.provar.plugins.forcedotcom.core.ui.pageobjects.CaseComment_Edit.CaseComment
Plugin Output INFO: Found PageObject: com.provar.plugins.forcedotcom.core.ui.pageobjects.CaseComment_Edit_Lightning
Plugin Output INFO: Found PageObject: com.provar.plugins.forcedotcom.core.ui.pageobjects.CaseComment_NewComment
Plugin Output INFO: Found PageObject: com.provar.plugins.forcedotcom.core.ui.pageobjects.CaseComment_NewComment.CaseComment
Plugin Output INFO: Found PageObject: com.provar.plugins.forcedotcom.core.ui.pageobjects.CaseComment_New_Lightning
Plugin Output INFO: Found PageObject: com.provar.plugins.forcedotcom.core.ui.pageobjects.CaseContactRole_Edit
Plugin Output INFO: Found PageObject: com.provar.plugins.forcedotcom.core.ui.pageobjects.CaseContactRole_Edit_Lightning
Plugin Output INFO: Found PageObject: com.provar.plugins.forcedotcom.core.ui.pageobjects.CaseContactRole_NewRole
Plugin Output INFO: Found PageObject: com.provar.plugins.forcedotcom.core.ui.pageobjects.CaseContactRole_NewRole_Lightning
Plugin Output INFO: Found PageObject: com.provar.plugins.forcedotcom.core.ui.pageobjects.CaseTeamMember_NewMember
Plugin Output INFO: Found PageObject: com.provar.plugins.forcedotcom.core.ui.pageobjects.CaseTeamMember_NewMember.Team
Plugin Output INFO: Found PageObject: com.provar.plugins.forcedotcom.core.ui.pageobjects.CaseTeamMember_NewMember.TeamMember
Plugin Output INFO: Found PageObject: com.provar.plugins.forcedotcom.core.ui.pageobjects.Case_Email
Plugin Output INFO: Found PageObject: com.provar.plugins.forcedotcom.core.ui.pageobjects.ChooseCampaign_Lightning
Plugin Output INFO: Found PageObject: com.provar.plugins.forcedotcom.core.ui.pageobjects.ConvertLead
Plugin Output INFO: Found PageObject: com.provar.plugins.forcedotcom.core.ui.pageobjects.ConvertLead_Salesforce1
Plugin Output INFO: Found PageObject: com.provar.plugins.forcedotcom.core.ui.pageobjects.DocumentView
Plugin Output INFO: Found PageObject: com.provar.plugins.forcedotcom.core.ui.pageobjects.EditSchedule
Plugin Output INFO: Found PageObject: com.provar.plugins.forcedotcom.core.ui.pageobjects.EditSchedule.ScheduleRow
Plugin Output INFO: Found PageObject: com.provar.plugins.forcedotcom.core.ui.pageobjects.EinsteinSearch_Lightning
Plugin Output INFO: Found PageObject: com.provar.plugins.forcedotcom.core.ui.pageobjects.EinsteinSearch_Lightning.listViewSuggestionResult
Plugin Output INFO: Found PageObject: com.provar.plugins.forcedotcom.core.ui.pageobjects.EinsteinSearch_Lightning.querySuggestionResult
Plugin Output INFO: Found PageObject: com.provar.plugins.forcedotcom.core.ui.pageobjects.EinsteinSearch_Lightning.recordSuggestionResult
Plugin Output INFO: Found PageObject: com.provar.plugins.forcedotcom.core.ui.pageobjects.EmailLookup
Plugin Output INFO: Found PageObject: com.provar.plugins.forcedotcom.core.ui.pageobjects.EstablishSchedule
Plugin Output INFO: Found PageObject: com.provar.plugins.forcedotcom.core.ui.pageobjects.EstablishSchedule.QuantitySchedule
Plugin Output INFO: Found PageObject: com.provar.plugins.forcedotcom.core.ui.pageobjects.EstablishSchedule.RevenueSchedule
Plugin Output INFO: Found PageObject: com.provar.plugins.forcedotcom.core.ui.pageobjects.FeedItem_PollPost_Lightning
Plugin Output INFO: Found PageObject: com.provar.plugins.forcedotcom.core.ui.pageobjects.FeedItem_PollPost_Lightning.PollChoice
Plugin Output INFO: Found PageObject: com.provar.plugins.forcedotcom.core.ui.pageobjects.FeedItem_TextPost_Lightning
Plugin Output INFO: Found PageObject: com.provar.plugins.forcedotcom.core.ui.pageobjects.FilePicker
Plugin Output INFO: Found PageObject: com.provar.plugins.forcedotcom.core.ui.pageobjects.FilePicker.ResultsFrame
Plugin Output INFO: Found PageObject: com.provar.plugins.forcedotcom.core.ui.pageobjects.FilePicker.ResultsRow
Plugin Output INFO: Found PageObject: com.provar.plugins.forcedotcom.core.ui.pageobjects.FilePicker.SearchFrame
Plugin Output INFO: Found PageObject: com.provar.plugins.forcedotcom.core.ui.pageobjects.GlobalSearch
Plugin Output INFO: Found PageObject: com.provar.plugins.forcedotcom.core.ui.pageobjects.GlobalSearch.searchResult
Plugin Output INFO: Found PageObject: com.provar.plugins.forcedotcom.core.ui.pageobjects.GlobalSearch_Lightning
Plugin Output INFO: Found PageObject: com.provar.plugins.forcedotcom.core.ui.pageobjects.GlobalSearch_Lightning.searchResult
Plugin Output INFO: Found PageObject: com.provar.plugins.forcedotcom.core.ui.pageobjects.InteractionLog
Plugin Output INFO: Found PageObject: com.provar.plugins.forcedotcom.core.ui.pageobjects.KaAssign
Plugin Output INFO: Found PageObject: com.provar.plugins.forcedotcom.core.ui.pageobjects.KaDataCategoryPicker
Plugin Output INFO: Found PageObject: com.provar.plugins.forcedotcom.core.ui.pageobjects.KaDataCategoryPicker.AvailableCategories
Plugin Output INFO: Found PageObject: com.provar.plugins.forcedotcom.core.ui.pageobjects.KaDataCategoryPicker.SelectedCategories
Plugin Output INFO: Found PageObject: com.provar.plugins.forcedotcom.core.ui.pageobjects.KaPublish
Plugin Output INFO: Found PageObject: com.provar.plugins.forcedotcom.core.ui.pageobjects.KaSubmitForTranslation
Plugin Output INFO: Found PageObject: com.provar.plugins.forcedotcom.core.ui.pageobjects.KnowledgePublishingHome
Plugin Output INFO: Found PageObject: com.provar.plugins.forcedotcom.core.ui.pageobjects.KnowledgePublishingHome.ArchiveArticle
Plugin Output INFO: Found PageObject: com.provar.plugins.forcedotcom.core.ui.pageobjects.KnowledgePublishingHome.ArticleCategoryFilter
Plugin Output INFO: Found PageObject: com.provar.plugins.forcedotcom.core.ui.pageobjects.KnowledgePublishingHome.ArticleColumn
Plugin Output INFO: Found PageObject: com.provar.plugins.forcedotcom.core.ui.pageobjects.KnowledgePublishingHome.ArticleDetail
Plugin Output INFO: Found PageObject: com.provar.plugins.forcedotcom.core.ui.pageobjects.KnowledgePublishingHome.ArticleList
Plugin Output INFO: Found PageObject: com.provar.plugins.forcedotcom.core.ui.pageobjects.KnowledgePublishingHome.AssignArticle
Plugin Output INFO: Found PageObject: com.provar.plugins.forcedotcom.core.ui.pageobjects.KnowledgePublishingHome.DlgButtons
Plugin Output INFO: Found PageObject: com.provar.plugins.forcedotcom.core.ui.pageobjects.KnowledgePublishingHome.EditArticle
Plugin Output INFO: Found PageObject: com.provar.plugins.forcedotcom.core.ui.pageobjects.KnowledgePublishingHome.LangAssigment
Plugin Output INFO: Found PageObject: com.provar.plugins.forcedotcom.core.ui.pageobjects.KnowledgePublishingHome.NewArticle
Plugin Output INFO: Found PageObject: com.provar.plugins.forcedotcom.core.ui.pageobjects.KnowledgePublishingHome.PublishArticle
Plugin Output INFO: Found PageObject: com.provar.plugins.forcedotcom.core.ui.pageobjects.KnowledgePublishingHome.SideViewBox
Plugin Output INFO: Found PageObject: com.provar.plugins.forcedotcom.core.ui.pageobjects.KnowledgePublishingHome.TranslationSubmit
Plugin Output INFO: Found PageObject: com.provar.plugins.forcedotcom.core.ui.pageobjects.Lead_ChangeOwer
Plugin Output INFO: Found PageObject: com.provar.plugins.forcedotcom.core.ui.pageobjects.Lead_ChangeStatus
Plugin Output INFO: Found PageObject: com.provar.plugins.forcedotcom.core.ui.pageobjects.Note_Edit
Plugin Output INFO: Found PageObject: com.provar.plugins.forcedotcom.core.ui.pageobjects.Note_New
Plugin Output INFO: Found PageObject: com.provar.plugins.forcedotcom.core.ui.pageobjects.OppSharingDetail
Plugin Output INFO: Found PageObject: com.provar.plugins.forcedotcom.core.ui.pageobjects.OppSharingDetail.SharingRow
Plugin Output INFO: Found PageObject: com.provar.plugins.forcedotcom.core.ui.pageobjects.OppSharingEdit
Plugin Output INFO: Found PageObject: com.provar.plugins.forcedotcom.core.ui.pageobjects.OpportunityCampaignInfluence_AddInfluence
Plugin Output INFO: Found PageObject: com.provar.plugins.forcedotcom.core.ui.pageobjects.OpportunityCompetitor_Edit
Plugin Output INFO: Found PageObject: com.provar.plugins.forcedotcom.core.ui.pageobjects.OpportunityCompetitor_New
Plugin Output INFO: Found PageObject: com.provar.plugins.forcedotcom.core.ui.pageobjects.OpportunityContactRole_Edit
Plugin Output INFO: Found PageObject: com.provar.plugins.forcedotcom.core.ui.pageobjects.OpportunityContactRole_Edit.Role
Plugin Output INFO: Found PageObject: com.provar.plugins.forcedotcom.core.ui.pageobjects.OpportunityContactRole_EditContacts_Lightning
Plugin Output INFO: Found PageObject: com.provar.plugins.forcedotcom.core.ui.pageobjects.OpportunityContactRole_EditContacts_Lightning.Role
Plugin Output INFO: Found PageObject: com.provar.plugins.forcedotcom.core.ui.pageobjects.OpportunityContactRole_MultiAdd_Lightning
Plugin Output INFO: Found PageObject: com.provar.plugins.forcedotcom.core.ui.pageobjects.OpportunityContactRole_MultiAdd_Lightning.ContactRoleRow
Plugin Output INFO: Found PageObject: com.provar.plugins.forcedotcom.core.ui.pageobjects.OpportunityContactRole_MultiAdd_Lightning.Role
Plugin Output INFO: Found PageObject: com.provar.plugins.forcedotcom.core.ui.pageobjects.OpportunityContactRole_MultiAdd_Lightning.RoleBlock
Plugin Output INFO: Found PageObject: com.provar.plugins.forcedotcom.core.ui.pageobjects.OpportunityContactRole_MultiEdit_Lightning
Plugin Output INFO: Found PageObject: com.provar.plugins.forcedotcom.core.ui.pageobjects.OpportunityContactRole_MultiEdit_Lightning.Role
Plugin Output INFO: Found PageObject: com.provar.plugins.forcedotcom.core.ui.pageobjects.OpportunityContactRole_New
Plugin Output INFO: Found PageObject: com.provar.plugins.forcedotcom.core.ui.pageobjects.OpportunityContactRole_New.Role
Plugin Output INFO: Found PageObject: com.provar.plugins.forcedotcom.core.ui.pageobjects.OpportunityLineItem_AddProd1
Plugin Output INFO: Found PageObject: com.provar.plugins.forcedotcom.core.ui.pageobjects.OpportunityLineItem_AddProd1.CustomizeOptions
Plugin Output INFO: Found PageObject: com.provar.plugins.forcedotcom.core.ui.pageobjects.OpportunityLineItem_AddProd1.ProductRow
Plugin Output INFO: Found PageObject: com.provar.plugins.forcedotcom.core.ui.pageobjects.OpportunityPartner_New
Plugin Output INFO: Found PageObject: com.provar.plugins.forcedotcom.core.ui.pageobjects.OpportunityPartner_New.Partner
Plugin Output INFO: Found PageObject: com.provar.plugins.forcedotcom.core.ui.pageobjects.OpportunityTeamMember_Edit_Lightning
Plugin Output INFO: Found PageObject: com.provar.plugins.forcedotcom.core.ui.pageobjects.OpportunityTeamMember_New
Plugin Output INFO: Found PageObject: com.provar.plugins.forcedotcom.core.ui.pageobjects.OpportunityTeamMember_New.Team
Plugin Output INFO: Found PageObject: com.provar.plugins.forcedotcom.core.ui.pageobjects.OpportunityTeamMember_New_Lightning
Plugin Output INFO: Found PageObject: com.provar.plugins.forcedotcom.core.ui.pageobjects.OpportunityTeamMember_New_Lightning.Team
Plugin Output INFO: Found PageObject: com.provar.plugins.forcedotcom.core.ui.pageobjects.OrderActivation
Plugin Output INFO: Found PageObject: com.provar.plugins.forcedotcom.core.ui.pageobjects.OrderActivation.Error
Plugin Output INFO: Found PageObject: com.provar.plugins.forcedotcom.core.ui.pageobjects.PriceBook2_choosePB
Plugin Output INFO: Found PageObject: com.provar.plugins.forcedotcom.core.ui.pageobjects.PriceBook2_choosePB_Lightning
Plugin Output INFO: Found PageObject: com.provar.plugins.forcedotcom.core.ui.pageobjects.PriceBook2_choosePB_Salesforce1
Plugin Output INFO: Found PageObject: com.provar.plugins.forcedotcom.core.ui.pageobjects.ProcessInstanceWorkitem_Edit
Plugin Output INFO: Found PageObject: com.provar.plugins.forcedotcom.core.ui.pageobjects.ReductionOrderItem_Edit
Plugin Output INFO: Found PageObject: com.provar.plugins.forcedotcom.core.ui.pageobjects.ReductionOrderItem_Edit.Product
Plugin Output INFO: Found PageObject: com.provar.plugins.forcedotcom.core.ui.pageobjects.ReportHome
Plugin Output INFO: Found PageObject: com.provar.plugins.forcedotcom.core.ui.pageobjects.ReportHome.Folder
Plugin Output INFO: Found PageObject: com.provar.plugins.forcedotcom.core.ui.pageobjects.ReportHome.FolderPanel
Plugin Output INFO: Found PageObject: com.provar.plugins.forcedotcom.core.ui.pageobjects.ReportHome.Option
Plugin Output INFO: Found PageObject: com.provar.plugins.forcedotcom.core.ui.pageobjects.ReportHome.Report
Plugin Output INFO: Found PageObject: com.provar.plugins.forcedotcom.core.ui.pageobjects.SendEmail
Plugin Output INFO: Found PageObject: com.provar.plugins.forcedotcom.core.ui.pageobjects.SendEmail_Lightning
Plugin Output INFO: Found PageObject: com.provar.plugins.forcedotcom.core.ui.pageobjects.SmaxLookup
Plugin Output INFO: Found PageObject: com.provar.plugins.forcedotcom.core.ui.pageobjects.SmaxLookup.Lookup
Plugin Output INFO: Found PageObject: com.provar.plugins.forcedotcom.core.ui.pageobjects.SmaxLookup.LookupRow
Plugin Output INFO: Found PageObject: com.provar.plugins.forcedotcom.core.ui.pageobjects.StandardHome
Plugin Output INFO: Found PageObject: com.provar.plugins.forcedotcom.core.ui.pageobjects.StandardHome.Task
Plugin Output INFO: Found PageObject: com.provar.plugins.forcedotcom.core.ui.pageobjects.StandardHome.WorkItemsToApprove
Plugin Output INFO: Found PageObject: com.provar.plugins.forcedotcom.core.ui.pageobjects.Subject_Combo
Plugin Output INFO: Found PageObject: com.provar.plugins.forcedotcom.core.ui.pageobjects.Subject_Combo.ComboOption
Plugin Output INFO: Found PageObject: com.provar.plugins.forcedotcom.core.ui.pageobjects.SubmitForApproval_Lightning
Plugin Output INFO: Loading Page Objects from package.  Package: pageobjects.*
Plugin Output WARNING: Exception checking is class is a Page Object.  Class: pageobjects.CPQ.sbqq__AlertandValidationError__CPQProduct, cause: [NoClassDefFoundError: LWebElement;, ClassNotFoundException: WebElement
Stack Trace:
java.lang.ClassNotFoundException: WebElement
	at java.net.URLClassLoader.findClass(URLClassLoader.java:382)
	at java.lang.ClassLoader.loadClass(ClassLoader.java:424)
	at com.provar.core.testapi.PageObjectClassLoader.loadClass(PageObjectClassLoader.java:65)
	at java.lang.ClassLoader.loadClass(ClassLoader.java:357)
	at java.lang.Class.getDeclaredFields0(Native Method)
	at java.lang.Class.privateGetDeclaredFields(Class.java:2583)
	at java.lang.Class.getDeclaredFields(Class.java:1916)
	at com.provar.core.testexecution.container.java.TestExecutionContainerImpl.isPageObject(TestExecutionContainerImpl.java:2129)
	at com.provar.core.testexecution.container.java.TestExecutionContainerImpl.discoverInstalledComponents(TestExecutionContainerImpl.java:1988)
	at com.provar.core.testexecution.container.java.TestExecutionContainerImpl.getAvailableTestApis(TestExecutionContainerImpl.java:416)
	at com.provar.core.testexecution.container.java.TestExecutionContainerImpl.completeConnection(TestExecutionContainerImpl.java:326)
	at com.provar.core.testexecution.container.java.LocalTestExecutionContainerRunner.doCompleteConnection(LocalTestExecutionContainerRunner.java:553)
	at com.provar.core.testexecution.container.java.LocalTestExecutionContainerRunner.access$1(LocalTestExecutionContainerRunner.java:540)
	at com.provar.core.testexecution.container.java.LocalTestExecutionContainerRunner$MessageProcessor.run(LocalTestExecutionContainerRunner.java:1402)
]
Plugin Output WARNING: Exception checking is class is a Page Object.  Class: pageobjects.CPQ.sbqq__AlertandValidationError__CPQProduct$MemoryCardsLines, cause: [NoClassDefFoundError: LWebElement;]
Plugin Output WARNING: Exception checking is class is a Page Object.  Class: pageobjects.CPQ.sbqq__AppleiPhoneXPackage__CPQProduct, cause: [NoClassDefFoundError: LWebElement;]
Plugin Output WARNING: Exception checking is class is a Page Object.  Class: pageobjects.CPQ.sbqq__AppleiPhoneXPackage__CPQProduct$ConfigureProductsLines, cause: [NoClassDefFoundError: LWebElement;]
Plugin Output WARNING: Exception checking is class is a Page Object.  Class: pageobjects.CPQ.sbqq__AppleiPhoneXPackage__CPQProduct$ConfigureProductsLinesMemC, cause: [NoClassDefFoundError: LWebElement;]
Plugin Output WARNING: Exception checking is class is a Page Object.  Class: pageobjects.CPQ.sbqq__AppleiPhoneXPackage__CPQProduct1$HeadPhonesLines, cause: [NoClassDefFoundError: LWebElement;]
Plugin Output WARNING: Exception checking is class is a Page Object.  Class: pageobjects.CPQ.sbqq__AppleiPhoneXPackage__CPQProduct1$MemoryCardsLines, cause: [NoClassDefFoundError: LWebElement;]
Plugin Output WARNING: Exception checking is class is a Page Object.  Class: pageobjects.CPQ.sbqq__OfficePackage__CPQProduct, cause: [NoClassDefFoundError: LWebElement;]
Plugin Output WARNING: Exception checking is class is a Page Object.  Class: pageobjects.CPQ.sbqq__OfficePackage__CPQProduct$OtherOptionsLines, cause: [NoClassDefFoundError: LWebElement;]
Plugin Output WARNING: Exception checking is class is a Page Object.  Class: pageobjects.CPQ.sbqq__sb, cause: [NoClassDefFoundError: LWebElement;]
Plugin Output WARNING: Exception checking is class is a Page Object.  Class: pageobjects.CPQ.sbqq__sb$Group1Lines, cause: [NoClassDefFoundError: LWebElement;]
Plugin Output WARNING: Exception checking is class is a Page Object.  Class: pageobjects.CPQ.sbqq__sb$ProductSelectionLines, cause: [NoClassDefFoundError: LWebElement;]
Plugin Output WARNING: Exception checking is class is a Page Object.  Class: pageobjects.CaseDetails, cause: [NoClassDefFoundError: LWebElement;]
Plugin Output WARNING: Exception checking is class is a Page Object.  Class: pageobjects.ConvertLead, cause: [NoClassDefFoundError: LWebElement;]
Plugin Output WARNING: Exception checking is class is a Page Object.  Class: pageobjects.MyPageObject, cause: [NoClassDefFoundError: LWebElement;]
Plugin Output WARNING: Exception checking is class is a Page Object.  Class: pageobjects.OpenedWindow, cause: [NoClassDefFoundError: LWebDriver;, ClassNotFoundException: WebDriver
Stack Trace:
java.lang.ClassNotFoundException: WebDriver
	at java.net.URLClassLoader.findClass(URLClassLoader.java:382)
	at java.lang.ClassLoader.loadClass(ClassLoader.java:424)
	at com.provar.core.testapi.PageObjectClassLoader.loadClass(PageObjectClassLoader.java:65)
	at java.lang.ClassLoader.loadClass(ClassLoader.java:357)
	at java.lang.Class.getDeclaredFields0(Native Method)
	at java.lang.Class.privateGetDeclaredFields(Class.java:2583)
	at java.lang.Class.getDeclaredFields(Class.java:1916)
	at com.provar.core.testexecution.container.java.TestExecutionContainerImpl.isPageObject(TestExecutionContainerImpl.java:2129)
	at com.provar.core.testexecution.container.java.TestExecutionContainerImpl.discoverInstalledComponents(TestExecutionContainerImpl.java:1988)
	at com.provar.core.testexecution.container.java.TestExecutionContainerImpl.getAvailableTestApis(TestExecutionContainerImpl.java:416)
	at com.provar.core.testexecution.container.java.TestExecutionContainerImpl.completeConnection(TestExecutionContainerImpl.java:326)
	at com.provar.core.testexecution.container.java.LocalTestExecutionContainerRunner.doCompleteConnection(LocalTestExecutionContainerRunner.java:553)
	at com.provar.core.testexecution.container.java.LocalTestExecutionContainerRunner.access$1(LocalTestExecutionContainerRunner.java:540)
	at com.provar.core.testexecution.container.java.LocalTestExecutionContainerRunner$MessageProcessor.run(LocalTestExecutionContainerRunner.java:1402)
]
Plugin Output WARNING: Exception checking is class is a Page Object.  Class: pageobjects.SalesforceHome, cause: [NoClassDefFoundError: LWebElement;]
Plugin Output INFO: Loading Page Mappings from package.  Package: pageobjects
Plugin Output INFO: Loading Connection Handlers from package.  Package: com.provar.plugins.forcedotcom.core.connection
Plugin Output INFO: Loaded the connectionHandler: sf
Plugin Output INFO: Loading Connection Handlers from package.  Package: com.provar.plugins.forcedotcom.core.ui
Plugin Output INFO: Loaded the connectionHandler: selenium
Plugin Output INFO: Loaded the connectionHandler: sfui
Plugin Output INFO: Loading Connection Handlers from package.  Package: com.provar.core.connection.excel
Plugin Output INFO: Loaded the connectionHandler: excel
Plugin Output INFO: Loading Connection Handlers from package.  Package: com.provar.core.connection.exchange
Plugin Output INFO: Loaded the connectionHandler: exchange
Plugin Output INFO: Loading Connection Handlers from package.  Package: com.provar.core.connection.google
Plugin Output INFO: Loaded the connectionHandler: google
Plugin Output INFO: Loading Connection Handlers from package.  Package: com.provar.core.connection.mysql
Plugin Output INFO: Loaded the connectionHandler: MySQL
Plugin Output INFO: Loading Connection Handlers from package.  Package: com.provar.core.connection.oracle
Plugin Output INFO: Loaded the connectionHandler: Oracle
Plugin Output INFO: Loading Connection Handlers from package.  Package: com.provar.core.connection.sqlserver
Plugin Output INFO: Loaded the connectionHandler: SqlServer
Plugin Output INFO: Loading Connection Handlers from package.  Package: com.provar.core.connection.postgresql
Plugin Output INFO: Loaded the connectionHandler: postgreSQL
Plugin Output INFO: Loading Connection Handlers from package.  Package: com.provar.core.connection.webservice
Plugin Output INFO: Loading Connection Handlers from package.  Package: com.provar.core.connection.rest
Plugin Output INFO: Loaded the connectionHandler: rest:aws
Plugin Output INFO: Loaded the connectionHandler: rest:apikey
Plugin Output INFO: Loaded the connectionHandler: rest:basic
Plugin Output INFO: Loaded the connectionHandler: rest:noauth
Plugin Output INFO: Loaded the connectionHandler: rest:oauthclientcredential
Plugin Output INFO: Loaded the connectionHandler: rest:oauthpassword
Plugin Output INFO: Loading Connection Handlers from package.  Package: com.provar.core.connection.db2
Plugin Output INFO: Loaded the connectionHandler: DB2
Plugin Output INFO: Loading Connection Handlers from package.  Package: com.provar.core.connection.soap
Plugin Output INFO: Loaded the connectionHandler: soap:basic
Plugin Output INFO: Loaded the connectionHandler: soap:noauth
Plugin Output INFO: Loaded the connectionHandler: soapservice
Plugin Output INFO: Loading Locator Resolvers
Plugin Output INFO: Loaded Locator Resolver: SfLightningRowElementLocator
Plugin Output INFO: Loaded Locator Resolver: sfLightningLayoutLocator
Plugin Output INFO: Loaded Locator Resolver: SfLightningRowLocator
Plugin Output INFO: Loaded Locator Resolver: SmaxWebElementLocator
Plugin Output INFO: Loaded Locator Resolver: SkuidPageWebElementLocator
Plugin Output INFO: Plug-in container initialisation complete.  Allocated id: 1, Test Api count: 77, Test Function count: 20, Page Object count: 135, Page Control count: 13, Page Wait count: 0, Page Strategy count: 0, Web Component count: 0 , Page Mapping size:  46, Test Run Monitor count: 0
Plugin Output INFO: Plug-in container initialisation complete.  Allocated id: 1, Test Api count: 77, Test Function count: 20, Page Object count: 135, Page Control count: 13, Page Wait count: 0, Page Strategy count: 0, Web Component count: 0 , Page Mapping size:  46, Test Run Monitor count: 0
Test Run Started
Execution Item Started.  Title: ProvarProject
Execution Item Started.  Title: plans
Execution Item Started.  Title: Smoke Test
Execution Item Starting.  Title: Smoke Test
Execution Item Started.  Title: Basic
Execution Item Starting.  Title: Basic
Execution Item Started.  Title: Smoke Test.testinstance
Execution Item Starting.  Title: Smoke Test.testinstance
Execution Item Started.  Title: Smoke Test.testcase
Execution Item Starting.  Title: Salesforce Connect: Admin (Test)
Execution Item Started.  Title: Salesforce Connect: Admin (Test)
Test Output INFO: AutoRetry overrides:
Test Output OFF: AutoRetry overrides:
Test Output INFO: Connecting to Salesforce as Admin
Plugin Output INFO: [WSC][LocalTestExecutionContainerRunner$MessageProcessor.run:1435]Please update the client to a JDK version that includes a fix for JDK-8209178. See https://trailblazer.salesforce.com/issues_view?id=a1p4V000002JfxSQAS for more details.
Test Output OFF: Successfully connected to Salesforce as Admin
Execution Item Ended.  Title: Salesforce Connect: Admin (Test), failureCount: 0
Execution Item Starting.  Title: On SF Global Search
Execution Item Started.  Title: On SF Global Search
Test Output INFO: Start of With Screen.  Connection Name: Admin, target: sf:ui:target?action=GlobalSearch
Test Output WARNING: Failed to connect to Master Lock Manager in timeout period - assuming dead.  Host: localhost, port: 49192
Test Output INFO: Opening Chrome webdriver instance to https://login.salesforce.com/
Test Output OFF: Successfully opened Chrome webdriver to https://login.salesforce.com/
Test Output INFO: Opening Page context.  Name: screen, data: null, frame: null
Test Output INFO: Opening Home Page
Test Output INFO: Opening Salesforce user home page
Test Output OFF: Successfully opened user home page
Test Output INFO: Going to update browser window handles.
Test Output OFF: Successfully updated browser window handles.
Execution Item Starting.  Title: Sub Steps
Execution Item Started.  Title: Sub Steps
Execution Item Starting.  Title: Set the Search Box field to {GetSelectedEnvironment()}
Execution Item Started.  Title: Set the Search Box field to 
Test Output INFO: Start of Interact.  Connection: Admin, Locator: ui:locator?name=searchBox, before wait: default, after wait: default, auto retry: default
Test Output INFO: Locator: ui:locator?name=searchBox
Test Output INFO: Interaction: ui:interaction?name=set
Test Output INFO: Switched focus to main window.  URL: https://brave-otter-7uycux-dev-ed.lightning.force.com/lightning/page/home
Test Output INFO: Interaction: ui:interaction?name=set
Test Output INFO: Sending screenshot.  Data length: 19179
Plugin Output INFO: Wrote test artifact.  Type: ScreenShot, name: ScreenShot1, title: Before Screenshot : 2023/02/08 14:33:53, path: C:\Users\mrdai\git\provardx\ProvarProject\ANT\Results(8)\Artifacts\ScreenShot1
Test Output INFO: Clicking WebElement using Javascript Click.  WebElement: WebElement [tag: button, text: Search...]
Test Output INFO: Doing before wait.  waitUrl: default
Test Output INFO: End of &lt;default&gt; wait.
Test Output INFO: Found element: [org.openqa.selenium.remote.RemoteWebElement@3a80335d -> unknown locator]
Test Output INFO: Got webElement.  tagName: INPUT, id: input-162, type: search, class: slds-input
Test Output INFO: Typing value.  tagName: INPUT, type: search, value: , blur: false
Test Output INFO: Doing after wait.  waitUrl: default
Test Output INFO: End of &lt;default&gt; wait.
Test Output INFO: Sending screenshot.  Data length: 24912
Plugin Output INFO: Wrote test artifact.  Type: ScreenShot, name: ScreenShot2, title: After Screenshot : 2023/02/08 14:33:57, path: C:\Users\mrdai\git\provardx\ProvarProject\ANT\Results(8)\Artifacts\ScreenShot2
Test Output INFO: Going to update browser window handles.
Test Output OFF: Successfully updated browser window handles.
Execution Item Ended.  Title: Set the Search Box field to , failureCount: 0
Execution Item Ended.  Title: Sub Steps, failureCount: 0
Test Output INFO: All Sub-Test Steps were successful.
Test Output INFO: Closing Page context.  Name: screen, data: null, frame: null
Test Output INFO: Main window reselected.  Window: main
Test Output INFO: Switched focus to main window.  URL: https://brave-otter-7uycux-dev-ed.lightning.force.com/lightning/page/home
Test Output INFO: Going to update browser window handles.
Test Output OFF: Successfully updated browser window handles.
Execution Item Ended.  Title: On SF Global Search, failureCount: 0
Execution Item Ended.  Title: Smoke Test.testcase, failureCount: 0
Test Output INFO: Handling managed resource.  Name: Admin
Test Output OFF: Salesforce Connection handled successfully.  Name: Admin
Execution Item Ended.  Title: Smoke Test.testinstance, failureCount: 0
Execution Item Ended.  Title: Basic, failureCount: 0
Execution Item Ended.  Title: Smoke Test, failureCount: 0
Execution Item Ended.  Title: plans, failureCount: 0
Execution Item Ended.  Title: ProvarProject, failureCount: 0
Plugin Output INFO: Exit request received.
Test Run Ended
JUnit XML report written successfully.C:\Users\mrdai\git\provardx\ProvarProject\ANT\Results(8)\JUnit.xml
